[INFO] Scanning for projects...
[INFO] 
[INFO] -----------------------< com.sentinelx:backend >------------------------
[INFO] Building backend 0.0.1-SNAPSHOT
[INFO]   from pom.xml
[INFO] --------------------------------[ jar ]---------------------------------
[INFO] 
[INFO] --- clean:3.4.1:clean (default-clean) @ backend ---
[INFO] Deleting C:\Users\dsatk\OneDrive\Documents\sentinelX\Sentinel-X\backend\target
[INFO] 
[INFO] --- resources:3.3.1:resources (default-resources) @ backend ---
[INFO] Copying 4 resources from src\main\resources to target\classes
[INFO] Copying 9 resources from src\main\resources to target\classes
[INFO] 
[INFO] --- compiler:3.14.1:compile (default-compile) @ backend ---
[INFO] Recompiling the module because of changed source code.
[INFO] Compiling 88 source files with javac [debug parameters release 17] to target\classes
[INFO] /C:/Users/dsatk/OneDrive/Documents/sentinelX/Sentinel-X/backend/src/main/java/com/sentinelx/config/SecurityConfig.java: C:\Users\dsatk\OneDrive\Documents\sentinelX\Sentinel-X\backend\src\main\java\com\sentinelx\config\SecurityConfig.java uses or overrides a deprecated API.
[INFO] /C:/Users/dsatk/OneDrive/Documents/sentinelX/Sentinel-X/backend/src/main/java/com/sentinelx/config/SecurityConfig.java: Recompile with -Xlint:deprecation for details.
[INFO] 
[INFO] --- resources:3.3.1:testResources (default-testResources) @ backend ---
[INFO] skip non existing resourceDirectory C:\Users\dsatk\OneDrive\Documents\sentinelX\Sentinel-X\backend\src\test\resources
[INFO] 
[INFO] --- compiler:3.14.1:testCompile (default-testCompile) @ backend ---
[INFO] Recompiling the module because of changed dependency.
[INFO] Compiling 24 source files with javac [debug parameters release 17] to target\test-classes
[INFO] -------------------------------------------------------------
[ERROR] COMPILATION ERROR : 
[INFO] -------------------------------------------------------------
[ERROR] /C:/Users/dsatk/OneDrive/Documents/sentinelX/Sentinel-X/backend/src/test/java/com/sentinelx/auth/service/EmailVerificationServiceTest.java:[47,2] cannot find symbol
  symbol: class ActiveProfiles
[ERROR] /C:/Users/dsatk/OneDrive/Documents/sentinelX/Sentinel-X/backend/src/test/java/com/sentinelx/auth/service/PasswordResetServiceTest.java:[44,2] cannot find symbol
  symbol: class ActiveProfiles
[ERROR] /C:/Users/dsatk/OneDrive/Documents/sentinelX/Sentinel-X/backend/src/test/java/com/sentinelx/dashboard/controller/DashboardControllerTest.java:[35,2] cannot find symbol
  symbol: class ActiveProfiles
[ERROR] /C:/Users/dsatk/OneDrive/Documents/sentinelX/Sentinel-X/backend/src/test/java/com/sentinelx/risk/controller/RiskControllerTest.java:[33,2] cannot find symbol
  symbol: class ActiveProfiles
[ERROR] /C:/Users/dsatk/OneDrive/Documents/sentinelX/Sentinel-X/backend/src/test/java/com/sentinelx/user/controller/UserControllerTest.java:[38,2] cannot find symbol
  symbol: class ActiveProfiles
[INFO] 5 errors 
[INFO] -------------------------------------------------------------
[INFO] ------------------------------------------------------------------------
[INFO] BUILD FAILURE
[INFO] ------------------------------------------------------------------------
[INFO] Total time:  21.298 s
[INFO] Finished at: 2026-04-25T16:01:58+05:30
[INFO] ------------------------------------------------------------------------
[ERROR] Failed to execute goal org.apache.maven.plugins:maven-compiler-plugin:3.14.1:testCompile (default-testCompile) on project backend: Compilation failure: Compilation failure: 
[ERROR] /C:/Users/dsatk/OneDrive/Documents/sentinelX/Sentinel-X/backend/src/test/java/com/sentinelx/auth/service/EmailVerificationServiceTest.java:[47,2] cannot find symbol
[ERROR]   symbol: class ActiveProfiles
[ERROR] /C:/Users/dsatk/OneDrive/Documents/sentinelX/Sentinel-X/backend/src/test/java/com/sentinelx/auth/service/PasswordResetServiceTest.java:[44,2] cannot find symbol
[ERROR]   symbol: class ActiveProfiles
[ERROR] /C:/Users/dsatk/OneDrive/Documents/sentinelX/Sentinel-X/backend/src/test/java/com/sentinelx/dashboard/controller/DashboardControllerTest.java:[35,2] cannot find symbol
[ERROR]   symbol: class ActiveProfiles
[ERROR] /C:/Users/dsatk/OneDrive/Documents/sentinelX/Sentinel-X/backend/src/test/java/com/sentinelx/risk/controller/RiskControllerTest.java:[33,2] cannot find symbol
[ERROR]   symbol: class ActiveProfiles
[ERROR] /C:/Users/dsatk/OneDrive/Documents/sentinelX/Sentinel-X/backend/src/test/java/com/sentinelx/user/controller/UserControllerTest.java:[38,2] cannot find symbol
[ERROR]   symbol: class ActiveProfiles
[ERROR] -> [Help 1]
[ERROR] 
[ERROR] To see the full stack trace of the errors, re-run Maven with the -e switch.
[ERROR] Re-run Maven using the -X switch to enable full debug logging.
[ERROR] 
[ERROR] For more information about the errors and possible solutions, please read the following articles:
[ERROR] [Help 1] http://cwiki.apache.org/confluence/display/MAVEN/MojoFailureException
